---------------------
Begin Memory State
---------------------
0x00000000: 0x2108fffe 0x2d0a0001 0x216b0005 0x218c0005 0x2d0bfffe 
0x00000014: 0x2d0cffff 0xfeedfeed 0x00000000 0x00000000 0x00000000 
0x00000028: 0x00000000 0x00000000 0x00000000 0x00000000 0x00000000 
0x0000003c: 0x00000000 0x00000000 0x00000000 0x00000000 0x00000000 
0x00000050: 0x00000000 0x00000000 0x00000000 0x00000000 0x00000000 
0x00000064: 0x00000000 0x00000000 0x00000000 0x00000000 0x00000000 
0x00000078: 0x00000000 0x00000000 0x00000000 0x00000000 0x00000000 
0x0000008c: 0x00000000 0x00000000 0x00000000 0x00000000 0x00000000 
0x000000a0: 0x00000000 0x00000000 0x00000000 0x00000000 0x00000000 
0x000000b4: 0x00000000 0x00000000 0x00000000 0x00000000 0x00000000 
0x000000c8: 0x00000000 0x00000000 0x00000000 0x00000000 0x00000000 
0x000000dc: 0x00000000 0x00000000 0x00000000 0x00000000 0x00000000 
0x000000f0: 0x00000000 0x00000000 0x00000000 0x00000000 0x00000000 
0x00000104: 0x00000000 0x00000000 0x00000000 0x00000000 0x00000000 
0x00000118: 0x00000000 0x00000000 0x00000000 0x00000000 0x00000000 
0x0000012c: 0x00000000 0x00000000 0x00000000 0x00000000 0x00000000 
0x00000140: 0x00000000 0x00000000 0x00000000 0x00000000 0x00000000 
0x00000154: 0x00000000 0x00000000 0x00000000 0x00000000 0x00000000 
0x00000168: 0x00000000 0x00000000 0x00000000 0x00000000 0x00000000 
0x0000017c: 0x00000000 0x00000000 0x00000000 0x00000000 0x00000000 
0x00000190: 0x00000000 0x00000000 0x00000000 0x00000000 0x00000000 
0x000001a4: 0x00000000 0x00000000 0x00000000 0x00000000 0x00000000 
0x000001b8: 0x00000000 0x00000000 0x00000000 0x00000000 0x00000000 
0x000001cc: 0x00000000 0x00000000 0x00000000 0x00000000 0x00000000 
0x000001e0: 0x00000000 0x00000000 0x00000000 0x00000000 0x00000000 
---------------------
End Memory State
---------------------
